HI-TECH Software C Compiler 

Linker command line:

--edf=C:\Program Files (x86)\HI-TECH Software\PICC\9.80\dat\en_msgs.txt -cs \
  -h+CC.sym -z -Q16F877A -ol.obj -MCC.map -E1 -ACONST=00h-0FFhx32 \
  -ACODE=00h-07FFhx4 -ASTRCODE=00h-01FFFh -AENTRY=00h-0FFhx32 \
  -ASTRING=00h-0FFhx32 -ABANK0=020h-06Fh -ABANK1=0A0h-0EFh \
  -ABANK2=0110h-016Fh -ABANK3=0190h-01EFh \
  -ARAM=020h-06Fh,0A0h-0EFh,0110h-016Fh,0190h-01EFh \
  -AABS1=020h-07Fh,0A0h-0EFh,0110h-016Fh,0190h-01EFh -ACOMMON=070h-07Fh \
  -ASFR0=00h-01Fh -ASFR1=080h-09Fh -ASFR2=0100h-010Fh -ASFR3=0180h-018Fh \
  -preset_vec=00h,intentry,init,end_init -ppowerup=CODE -pfunctab=CODE \
  -ACONFIG=02007h-02007h -pconfig=CONFIG -DCONFIG=2 -AIDLOC=02000h-02003h \
  -pidloc=IDLOC -DIDLOC=2 -AEEDATA=00h-0FFh/02100h -peeprom_data=EEDATA \
  -DEEDATA=2 -DCODE=2 -DSTRCODE=2 -DSTRING=2 -DCONST=2 -DENTRY=2 -k \
  startup.obj CC.obj 

Object code version is 3.10

Machine type is 16F877A



                Name                               Link     Load   Length Selector   Space Scale
startup.obj     end_init                              0        0        3        0       0
CC.obj          config                             2007     2007        1     400E       0
                text110                             5B7      5B7       15      B6E       0
                text109                             5EA      5EA       24      BD4       0
                maintext                            60E      60E      1F2      C1C       0
                cstackBANK0                          20       20       49       20       1
                cstackCOMMON                         70       70        9       70       1
                inittext                            594      594       11      B28       0
                dataBANK1                            A0       A0       1E       A0       1
                cinit                               5A5      5A5       12      B4A       0
                idataBANK1                          5CC      5CC       1E      B98       0

TOTAL           Name                               Link     Load   Length     Space
        CLASS   CONST          

        CLASS   CODE           
                end_init                              0        0        3         0
                text110                             5B7      5B7       15         0
                text109                             5EA      5EA       24         0
                maintext                            60E      60E      1F2         0
                inittext                            594      594       11         0
                cinit                               5A5      5A5       12         0
                idataBANK1                          5CC      5CC       1E         0

        CLASS   STRCODE        

        CLASS   ENTRY          

        CLASS   STRING         

        CLASS   BANK0          
                cstackBANK0                          20       20       49         1

        CLASS   BANK1          
                dataBANK1                            A0       A0       1E         1

        CLASS   BANK2          

        CLASS   BANK3          

        CLASS   RAM            

        CLASS   ABS1           
                abs_s1                               7E       7E        2         1

        CLASS   COMMON         
                cstackCOMMON                         70       70        9         1

        CLASS   SFR0           

        CLASS   SFR1           

        CLASS   SFR2           

        CLASS   SFR3           

        CLASS   CONFIG         
                config                             2007     2007        1         0

        CLASS   IDLOC          

        CLASS   EEDATA         



SEGMENTS        Name                           Load    Length   Top    Selector   Space  Class     Delta

                reset_vec                      000000  000003  000003         0       0  CODE        2
                cstackBANK0                    000020  000049  000069        20       1  BANK0       1
                cstackCOMMON                   000070  000009  000079        70       1  COMMON      1
                dataBANK1                      0000A0  00001E  0000BE        A0       1  BANK1       1
                inittext                       000594  000011  0005A5       B28       0  CODE        2
                cinit                          0005A5  000012  0005B7       B4A       0  CODE        2
                text110                        0005B7  000015  0005CC       B6E       0  CODE        2
                idataBANK1                     0005CC  00001E  0005EA       B98       0  CODE        2
                text109                        0005EA  000024  00060E       BD4       0  CODE        2
                maintext                       00060E  0001F2  000800       C1C       0  CODE        2
                config                         002007  000001  002008      400E       0  CONFIG      2


UNUSED ADDRESS RANGES

        Name                Unused          Largest block    Delta
        BANK0            0069-006F              7           1
        BANK1            00BE-00EF             32           1
        BANK2            0110-016F             60           1
        BANK3            0190-01EF             60           1
        CODE             0003-0593            591           2
                         0800-1FFF            800
        COMMON           0079-007D              5           1
        CONST            0003-0593            100           2
                         0800-1FFF            100
        EEDATA           2100-21FF            100           2
        ENTRY            0003-0593            100           2
                         0800-1FFF            100
        IDLOC            2000-2003              4           2
        RAM              0069-006F              7           1
                         00BE-00EF             32
                         0110-016F             60
                         0190-01EF             60
        SFR0             0000-001F             20           1
        SFR1             0080-009F             20           1
        SFR2             0100-010F             10           1
        SFR3             0180-018F             10           1
        STRCODE          0003-0593            591           2
                         0800-1FFF           1800
        STRING           0003-0593            100           2
                         0800-1FFF            100

                                  Symbol Table

??_lcd                cstackCOMMON 0072
??_main               cstackCOMMON 0075
??_wait               cstackCOMMON 0070
?_lcd                 cstackCOMMON 0070
?_main                cstackCOMMON 0070
?_wait                cstackCOMMON 0070
_PORTB                (abs)        0006
_RC0                  (abs)        0038
_RC1                  (abs)        0039
_RCIF                 (abs)        0065
_RCREG                (abs)        001A
_RCSTA                (abs)        0018
_RD0                  (abs)        0040
_RD1                  (abs)        0041
_SPBRG                (abs)        0099
_TRISB                (abs)        0086
_TRISC0               (abs)        0438
_TRISC1               (abs)        0439
_TRISD0               (abs)        0440
_TRISD1               (abs)        0441
_TXSTA                (abs)        0098
__Habs1               abs1         0000
__Hbank0              bank0        0000
__Hbank1              bank1        0000
__Hbank2              bank2        0000
__Hbank3              bank3        0000
__Hcinit              cinit        0000
__Hclrtext            clrtext      0000
__Hcode               code         0000
__Hcommon             common       0000
__Hconfig             config       2008
__HcstackBANK0        cstackBANK0  0000
__HcstackCOMMON       cstackCOMMON 0000
__HdataBANK1          dataBANK1    0000
__Heeprom_data        eeprom_data  0000
__Hend_init           end_init     0003
__Hfunctab            functab      0000
__HidataBANK1         idataBANK1   0000
__Hidloc              idloc        0000
__Hinit               init         0000
__Hinittext           inittext     0000
__Hintentry           intentry     0000
__Hmaintext           maintext     0000
__Hpowerup            powerup      0000
__Hram                ram          0000
__Hreset_vec          reset_vec    0000
__Hsfr0               sfr0         0000
__Hsfr1               sfr1         0000
__Hsfr2               sfr2         0000
__Hsfr3               sfr3         0000
__Hstrings            strings      0000
__Htext               text         0000
__Labs1               abs1         0000
__Lbank0              bank0        0000
__Lbank1              bank1        0000
__Lbank2              bank2        0000
__Lbank3              bank3        0000
__Lcinit              cinit        0000
__Lclrtext            clrtext      0000
__Lcode               code         0000
__Lcommon             common       0000
__Lconfig             config       2007
__LcstackBANK0        cstackBANK0  0000
__LcstackCOMMON       cstackCOMMON 0000
__LdataBANK1          dataBANK1    0000
__Leeprom_data        eeprom_data  0000
__Lend_init           end_init     0000
__Lfunctab            functab      0000
__LidataBANK1         idataBANK1   0000
__Lidloc              idloc        0000
__Linit               init         0000
__Linittext           inittext     0000
__Lintentry           intentry     0000
__Lmaintext           maintext     0000
__Lpowerup            powerup      0000
__Lram                ram          0000
__Lreset_vec          reset_vec    0000
__Lsfr0               sfr0         0000
__Lsfr1               sfr1         0000
__Lsfr2               sfr2         0000
__Lsfr3               sfr3         0000
__Lstrings            strings      0000
__Ltext               text         0000
__S0                  (abs)        2008
__S1                  (abs)        00BE
__S2                  (abs)        0000
__end_of_lcd          text109      060E
__end_of_main         maintext     0800
__end_of_wait         text110      05CC
__pcstackBANK0        cstackBANK0  0020
__pcstackCOMMON       cstackCOMMON 0070
__pdataBANK1          dataBANK1    00A0
__pidataBANK1         idataBANK1   05CC
__pmaintext           maintext     060E
__ptext109            text109      05EA
__ptext110            text110      05B7
__ptext111            text111      0000
__size_of_lcd         (abs)        0000
__size_of_main        (abs)        0000
__size_of_wait        (abs)        0000
_exit                 init         0000
_lcd                  text109      05EA
_main                 maintext     060E
_wait                 text110      05B7
btemp                 (abs)        007E
end_of_initialization cinit        05B3
init_fetch            inittext     0594
init_ram              inittext     0598
intlevel0             functab      0000
intlevel1             functab      0000
intlevel2             functab      0000
intlevel3             functab      0000
intlevel4             functab      0000
intlevel5             functab      0000
lcd@a                 cstackCOMMON 0074
lcd@b                 cstackCOMMON 0070
main@F524             dataBANK1    00B5
main@F526             dataBANK1    00AB
main@F528             dataBANK1    00A0
main@LATITUDE         cstackBANK0  003E
main@LONGITUDE        cstackBANK0  0052
main@arr1             cstackBANK0  0035
main@arr2             cstackBANK0  002B
main@arr3             cstackBANK0  0020
main@c                cstackBANK0  0066
main@i                cstackBANK0  0067
reset_vec             reset_vec    0000
start                 init         0000
start_initialization  cinit        05A5
wait@c                cstackCOMMON 0071
wait@c1               cstackCOMMON 0072
wtemp0                (abs)        007E
